src/components/BudgetInfo.tsx(3,10): error TS1484: 'BudgetCosts' is a type and must be imported using a type-only import when 'verbatimModuleSyntax' is enabled.
src/components/BudgetInfo.tsx(5,30): error TS6133: 'Plus' is declared but its value is never read.
src/components/BudgetInfo.tsx(5,36): error TS6133: 'Trash2' is declared but its value is never read.
src/components/BudgetInfo.tsx(8,34): error TS6133: 'setConfig' is declared but its value is never read.
src/components/BudgetInfo.tsx(99,75): error TS7006: Parameter 'v' implicitly has an 'any' type.
src/components/BudgetInfo.tsx(100,80): error TS7006: Parameter 'v' implicitly has an 'any' type.
src/components/BudgetInfo.tsx(101,84): error TS7006: Parameter 'v' implicitly has an 'any' type.
src/components/BudgetInfo.tsx(102,82): error TS7006: Parameter 'v' implicitly has an 'any' type.
src/components/BudgetInfo.tsx(103,80): error TS7006: Parameter 'v' implicitly has an 'any' type.
src/components/DaySchedule.tsx(2,10): error TS1484: 'ScheduleItem' is a type and must be imported using a type-only import when 'verbatimModuleSyntax' is enabled.
src/components/DaySchedule.tsx(4,10): error TS1484: 'DayBudget' is a type and must be imported using a type-only import when 'verbatimModuleSyntax' is enabled.
src/components/DaySchedule.tsx(19,11): error TS6133: 'isRainy' is declared but its value is never read.
src/components/MarbleRace.tsx(3,1): error TS6192: All imports in import declaration are unused.
src/components/MarbleRace.tsx(21,11): error TS6133: 'destroyWorld' is declared but its value is never read.
src/contexts/RainModeContext.tsx(1,8): error TS6133: 'React' is declared but its value is never read.
src/contexts/RainModeContext.tsx(1,54): error TS1484: 'ReactNode' is a type and must be imported using a type-only import when 'verbatimModuleSyntax' is enabled.
src/data/schedule.ts(84,9): error TS2561: Object literal may only specify known properties, but 'badge' does not exist in type 'ScheduleItem'. Did you mean to write 'badges'?
src/hooks/useBudget.ts(3,10): error TS1484: 'BudgetConfig' is a type and must be imported using a type-only import when 'verbatimModuleSyntax' is enabled.
src/hooks/useBudget.ts(3,24): error TS1484: 'BudgetCalculation' is a type and must be imported using a type-only import when 'verbatimModuleSyntax' is enabled.
src/hooks/useBudget.ts(3,43): error TS1484: 'BudgetCosts' is a type and must be imported using a type-only import when 'verbatimModuleSyntax' is enabled.
