
[1m[46m RUN [49m[22m [36mv4.0.18 [39m[90mD:/workspace/sdxjeju[39m

node.exe : Not impleme
nted: HTMLCanvasElemen
t's getContext() metho
d: without installing 
the canvas npm package
위치 줄:1 문자:1
+ & "C:\Program Files\
nodejs/node.exe" "C:\P
rogram Files\nodejs/no
de_mo ...
+ ~~~~~~~~~~~~~~~~~~~~
~~~~~~~~~~~~~~~~~~~~~~
~~~~~~~~~~~~~~~~~~~~~~
~~~~~
    + CategoryInfo    
          : NotSpeci  
  fied: (Not implem   
 ented...vas npm p    
ackage:String) []    ,
 RemoteException
    + FullyQualifiedE 
   rrorId : NativeCo  
  mmandError
 
 [31m??[39m src/App.test.tsx [2m([22m[2m6 tests[22m[2m | [22m[31m2 failed[39m[2m)[22m[33m 1372[2mms[22m[39m
[31m     [31m횞[31m renders Header with person count[39m[32m 133[2mms[22m[39m
     [32m??[39m renders Info tab by default[32m 32[2mms[22m[39m
     [32m??[39m navigates to Day 1 on click[32m 55[2mms[22m[39m
[31m     [31m횞[31m navigates to REC tab and shows Car Game[39m[33m 1051[2mms[22m[39m
     [32m??[39m supports swipe navigation (Right to Left -> Next Tab)[32m 42[2mms[22m[39m
     [32m??[39m supports swipe navigation (Left to Right -> Prev Tab)[32m 56[2mms[22m[39m

[31m??렞??렞??렞??[39m[
1m[41m Failed Tests 2
 [49m[22m[31m??렞??렞
??렞??[39m

[41m[1m FAIL [22m[
49m src/App.test.tsx[
2m > [22mApp Componen
t[2m > [22mrenders H
eader with person coun
t
[31m[1mTestingLibrar
yElementError[22m[39
m: Found multiple elem
ents with the text: /?
쒖＜/i

Here are the matching 
elements:

Ignored nodes: comment
s, script, style
[36m<div[39m
  [33mclass[39m=[32
m"text-4xl font-bold a
nimate-pulse"[39m
[36m>[39m
  [0m?좊굹???쒖＜ ??곗씠[
0m
[36m</div>[39m

Ignored nodes: comment
s, script, style
[36m<h1[39m
  [33mclass[39m=[32
m"text-3xl font-bold m
b-2 tracking-tight"[3
9m
[36m>[39m
  [0mSDx ?뚮옯?쇳?[0m
  [36m<br />[39m
  [0m?쒖＜???뚰겕??[0m
[36m</h1>[39m

Ignored nodes: comment
s, script, style
[36m<div[39m
  [33mclass[39m=[32
m"text-xs text-text-su
b mt-0.5"[39m
[36m>[39m
  [0m怨듯빆 洹쇱쿂 (?좎젣二? /
 23??留덇컧[0m
[36m</div>[39m

Ignored nodes: comment
s, script, style
[36m<span[39m
  [33mclass[39m=[32
m"text-sm font-semibol
d text-text-main"[39m
[36m>[39m
  [0m?쒖＜?ㅼ꽦[0m
[36m</span>[39m

Ignored nodes: comment
s, script, style
[36m<p[39m
  [33mclass[39m=[32
m"text-sm text-text-su
b mb-2 last:mb-0 white
space-pre-line"[39m
[36m>[39m
  [0m?쪊 ?쒖＜???좎썡??留쏆쭛
 '?먮굹寃?[0m
[36m</p>[39m

(If this is intentiona
l, then use the `*AllB
y*` variant of the que
ry (like `queryAllByTe
xt`, `getAllByText`, o
r `findAllByText`)).

Ignored nodes: comment
s, script, style
[36m<body>[39m
  [36m<div>[39m
    [36m<div[39m
      [33mclass[39m=
[32m"min-h-screen pb-
safe-bottom"[39m
    [36m>[39m
      [36m<div[39m
        [33mclass[39
m=[32m"fixed inset-0 
z-[9999] bg-[#FF6B00] 
flex flex-col items-ce
nter justify-center tr
ansition-transform dur
ation-500 ease-in-out 
"[39m
        [33mstyle[39
m=[32m"transition-del
ay: 1.2s;"[39m
      [36m>[39m
        [36m<div[39m
          [33mclass[
39m=[32m"text-center 
text-white mb-20"[39m
        [36m>[39m
          [36m<div[3
9m
            [33mclass
[39m=[32m"text-2xl f
ont-light mb-2"[39m
          [36m>[39m
            [0mSDx ?뚮
옯??[0m
          [36m</div>
[39m
          [36m<div[3
9m
            [33mclass
[39m=[32m"text-4xl f
ont-bold animate-pulse
"[39m
          [36m>[39m
            [0m?좊굹???
쒖＜ ??곗씠[0m
          [36m</div>
[39m
        [36m</div>[3
9m
        [36m<div[39m
          [33mclass[
39m=[32m"text-[90px] 
absolute transition-al
l duration-1000 top-[-
200px]"[39m
        [36m>[39m
          [0m?뜇[0m
        [36m</div>[3
9m
      [36m</div>[39m
      [36m<header[39
m
        [33mclass[39
m=[32m"relative bg-gr
adient-to-br from-prim
ary to-[#FF9E40] text-
white p-6 pb-8 rounded
-b-[30px] overflow-hid
den shadow-lg z-10"[3
9m
      [36m>[39m
        [36m<div[39m
          [33mclass[
39m=[32m"absolute top
-[-50%] left-[-50%] w-
[200%] h-[200%] bg-[ra
dial-gradient(circle,r
gba(255,255,255,0.2)_0
%,transparent_60%)] an
imate-[spin_20s_linear
_infinite]"[39m
        [36m/>[39m
        [36m<div[39m
          [33mclass[
39m=[32m"relative z-1
0"[39m
        [36m>[39m
          [36m<span[
39m
            [33mclass
[39m=[32m"inline-blo
ck bg-white/25 backdro
p-blur-sm px-3 py-1.5 
rounded-full text-xs f
ont-semibold border bo
rder-white/30 mb-3"[3
9m
          [36m>[39m
            [0m?뜇 Jej
u Team Day[0m
          [36m</span>
[39m
          [36m<h1[39
m
            [33mclass
[39m=[32m"text-3xl f
ont-bold mb-2 tracking
-tight"[39m
          [36m>[39m
            [0mSDx ?뚮
옯?쇳?[0m
            [36m<br /
>[39m
            [0m?쒖＜???
뚰겕??[0m
          [36m</h1>[
39m
          [36m<div[3
9m
            [33mclass
[39m=[32m"flex flex-
wrap gap-3 text-sm opa
city-90 font-medium"[
39m
          [36m>[39m
            [36m<span
[39m
              [33mcla
ss[39m=[32m"flex ite
ms-center gap-1"[39m
            [36m>[39
m
              [36m<sv
g[39m
                [33ma
ria-hidden[39m=[32m"
true"[39m
                [33mc
lass[39m=[32m"lucide
 lucide-calendar w-3 h
-3"[39m
                [33mf
ill[39m=[32m"none"[
39m
                [33mh
eight[39m=[32m"24"[
39m
                [33ms
troke[39m=[32m"curre
ntColor"[39m
                [33ms
troke-linecap[39m=[3
2m"round"[39m
                [33ms
troke-linejoin[39m=[
32m"round"[39m
                [33ms
troke-width[39m=[32m
"2"[39m
                [33mv
iewBox[39m=[32m"0 0 
24 24"[39m
                [33mw
idth[39m=[32m"24"[3
9m
                [33mx
mlns[39m=[32m"http:/
/www.w3.org/2000/svg"
[39m
              [36m>[
39m
                [36m<
path[39m
                  [33
md[39m=[32m"M8 2v4"
[39m
                [36m/
>[39m
                [36m<
path[39m
                  [33
md[39m=[32m"M16 2v4"
[39m
                [36m/
>[39m
                [36m<
rect[39m
                  [33
mheight[39m=[32m"18"
[39m
                  [33
mrx[39m=[32m"2"[39m
                  [33
mwidth[39m=[32m"18"
[39m
                  [33
mx[39m=[32m"3"[39m
                  [33
my[39m=[32m"4"[39m
                [36m/
>[39m
                [36m<
path[39m
                  [33
md[39m=[32m"M3 10h18
"[39m
                [36m/
>[39m
              [36m</s
vg>[39m
              [0m 2.5
(紐? ~ 2.7(??[0m
            [36m</spa
n>[39m
            [36m<span
[39m
              [33mcla
ss[39m=[32m"flex ite
ms-center gap-1"[39m
            [36m>[39
m
              [36m<sv
g[39m
                [33ma
ria-hidden[39m=[32m"
true"[39m
                [33mc
lass[39m=[32m"lucide
 lucide-users w-3 h-3"
[39m
                [33mf
ill[39m=[32m"none"[
39m
                [33mh
eight[39m=[32m"24"[
39m
                [33ms
troke[39m=[32m"curre
ntColor"[39m
                [33ms
troke-linecap[39m=[3
2m"round"[39m
                [33ms
troke-linejoin[39m=[
32m"round"[39m
                [33ms
troke-width[39m=[32m
"2"[39m
                [33mv
iewBox[39m=[32m"0 0 
24 24"[39m
                [33mw
idth[39m=[32m"24"[3
9m
                [33mx
mlns[39m=[32m"http:/
/www.w3.org/2000/svg"
[39m
              [36m>[
39m
                [36m<
path[39m
                  [33
md[39m=[32m"M16 21v-
2a4 4 0 0 0-4-4H6a4 4 
0 0 0-4 4v2"[39m
                [36m/
>[39m
                [36m<
path[39m
                  [33
md[39m=[32m"M16 3.12
8a4 4 0 0 1 0 7.744"[
39m
                [36m/
>[39m
                [36m<
path[39m
                  [33
md[39m=[32m"M22 21v-
2a4 4 0 0 0-3-3.87"[3
9m
                [36m/
>[39m
                [36m<
circle[39m
                  [33
mcx[39m=[32m"9"[39m
                  [33
mcy[39m=[32m"7"[39m
                  [33
mr[39m=[32m"4"[39m
                [36m/
>[39m
              [36m</s
vg>[39m
              [0m [0
m
              [0m10[
0m
              [0m紐?[0
m
            [36m</spa
n>[39m
            [36m<span
[39m
              [33mcla
ss[39m=[32m"flex ite
ms-center gap-1"[39m
            [36m>[39
m
              [36m<sv
g[39m
                [33ma
ria-hidden[39m=[32m"
true"[39m
                [33mc
lass[39m=[32m"lucide
 lucide-map-pin w-3 h-
3"[39m
                [33mf
ill[39m=[32m"none"[
39m
                [33mh
eight[39m=[32m"24"[
39m
                [33ms
troke[39m=[32m"curre
ntColor"[39m
                [33ms
troke-linecap[39m=[3
2m"round"[39m
                [33ms
troke-linejoin[39m=[
32m"round"[39m
                [33ms
troke-width[39m=[32m
"2"[39m
                [33mv
iewBox[39m=[32m"0 0 
24 24"[39m
                [33mw
idth[39m=[32m"24"[3
9m
                [33mx
mlns[39m=[32m"http:/
/www.w3.org/2000/svg"
[39m
              [36m>[
39m
                [36m<
path[39m
                  [33
md[39m=[32m"M20 10c0
 4.993-5.539 10.193-7.
399 11.799a1 1 0 0 1-1
.202 0C9.539 20.193 4 
14.993 4 10a8 8 0 0 1 
16 0"[39m
                [36m/
>[39m
                [36m<
circle[39m
                  [33
mcx[39m=[32m"12"[39
m
                  [33
mcy[39m=[32m"10"[39
m
                  [33
mr[39m=[32m"3"[39m
                [36m/
>[39m
              [36m</s
vg>[39m
              [0m ?⑥궗
?대뱶 ?꾨뜶[0m
            [36m</spa
n>[39m
            [36m<span
[39m
              [33mcla
ss[39m=[32m"flex ite
ms-center gap-1"[39m
            [36m>[39
m
              [36m<sp
an[39m
                [33mc
lass[39m=[32m"animat
e-pulse"[39m
              [36m>[
39m
                [0m?좎
뵪 濡쒕뵫以?..[0m
              [36m</s
pan>[39m
            [36m</spa
n>[39m
          [36m</div>
[39m
        [36m</div>..
.
[90m [2m??[22m Objec
t.getElementError node
_modules/@testing-libr
ary/dom/dist/config.js
:[2m37:19[22m[39m
[90m [2m??[22m getEl
ementError node_module
s/@testing-library/dom
/dist/query-helpers.js
:[2m20:35[22m[39m
[90m [2m??[22m getMu
ltipleElementsFoundErr
or node_modules/@testi
ng-library/dom/dist/qu
ery-helpers.js:[2m23:
10[22m[39m
[90m [2m??[22m node_
modules/@testing-libra
ry/dom/dist/query-help
ers.js:[2m55:13[22m
[39m
[90m [2m??[22m node_
modules/@testing-libra
ry/dom/dist/query-help
ers.js:[2m95:19[22m
[39m
[36m [2m??[22m src/A
pp.test.tsx:[2m13:23
[22m[39m
    [90m 11| [39m   
 [34mit[39m([32m're
nders Header with pers
on count'[39m[33m,[
39m () [33m=>[39m {
    [90m 12| [39m   
     [34mrender[39m(
[33m<[39m[33mApp[3
9m [33m/[39m[33m>[
39m)[33m;[39m
    [90m 13| [39m   
     [34mexpect[39m(
screen[33m.[39m[34m
getByText[39m([36m/?
쒖＜/i[39m))[33m.[39m
[34mtoBeInTheDocument
[39m()[33m;[39m
    [90m   | [39m   
                   [3
1m^[39m
    [90m 14| [39m   
 })[33m;[39m
    [90m 15| [39m

[31m[2m??렞??렞??렞??렞?
?렞??렞??렞??렞??렞??렞??렞??
렞[1/2]??[22m[39m

[41m[1m FAIL [22m[
49m src/App.test.tsx[
2m > [22mApp Componen
t[2m > [22mnavigates
 to REC tab and shows 
Car Game
[31m[1mTestingLibrar
yElementError[22m[39
m: Unable to find an e
lement with the text: 
李⑤웾 醫뚯꽍 諛곗튂. This coul
d be because the text 
is broken up by multip
le elements. In this c
ase, you can provide a
 function for your tex
t matcher to make your
 matcher more flexible
.

Ignored nodes: comment
s, script, style
[36m<body>[39m
  [36m<div>[39m
    [36m<div[39m
      [33mclass[39m=
[32m"min-h-screen pb-
safe-bottom"[39m
    [36m>[39m
      [36m<div[39m
        [33mclass[39
m=[32m"fixed inset-0 
z-[9999] bg-[#FF6B00] 
flex flex-col items-ce
nter justify-center tr
ansition-transform dur
ation-500 ease-in-out 
translate-y-[-100%]"[
39m
        [33mstyle[39
m=[32m"transition-del
ay: 1.2s;"[39m
      [36m>[39m
        [36m<div[39m
          [33mclass[
39m=[32m"text-center 
text-white mb-20"[39m
        [36m>[39m
          [36m<div[3
9m
            [33mclass
[39m=[32m"text-2xl f
ont-light mb-2"[39m
          [36m>[39m
            [0mSDx ?뚮
옯??[0m
          [36m</div>
[39m
          [36m<div[3
9m
            [33mclass
[39m=[32m"text-4xl f
ont-bold animate-pulse
"[39m
          [36m>[39m
            [0m?좊굹???
쒖＜ ??곗씠[0m
          [36m</div>
[39m
        [36m</div>[3
9m
        [36m<div[39m
          [33mclass[
39m=[32m"text-[90px] 
absolute transition-al
l duration-1000 tanger
ine-drop"[39m
        [36m>[39m
          [0m?뜇[0m
        [36m</div>[3
9m
      [36m</div>[39m
      [36m<header[39
m
        [33mclass[39
m=[32m"relative bg-gr
adient-to-br from-prim
ary to-[#FF9E40] text-
white p-6 pb-8 rounded
-b-[30px] overflow-hid
den shadow-lg z-10"[3
9m
      [36m>[39m
        [36m<div[39m
          [33mclass[
39m=[32m"absolute top
-[-50%] left-[-50%] w-
[200%] h-[200%] bg-[ra
dial-gradient(circle,r
gba(255,255,255,0.2)_0
%,transparent_60%)] an
imate-[spin_20s_linear
_infinite]"[39m
        [36m/>[39m
        [36m<div[39m
          [33mclass[
39m=[32m"relative z-1
0"[39m
        [36m>[39m
          [36m<span[
39m
            [33mclass
[39m=[32m"inline-blo
ck bg-white/25 backdro
p-blur-sm px-3 py-1.5 
rounded-full text-xs f
ont-semibold border bo
rder-white/30 mb-3"[3
9m
          [36m>[39m
            [0m?뜇 Jej
u Team Day[0m
          [36m</span>
[39m
          [36m<h1[39
m
            [33mclass
[39m=[32m"text-3xl f
ont-bold mb-2 tracking
-tight"[39m
          [36m>[39m
            [0mSDx ?뚮
옯?쇳?[0m
            [36m<br /
>[39m
            [0m?쒖＜???
뚰겕??[0m
          [36m</h1>[
39m
          [36m<div[3
9m
            [33mclass
[39m=[32m"flex flex-
wrap gap-3 text-sm opa
city-90 font-medium"[
39m
          [36m>[39m
            [36m<span
[39m
              [33mcla
ss[39m=[32m"flex ite
ms-center gap-1"[39m
            [36m>[39
m
              [36m<sv
g[39m
                [33ma
ria-hidden[39m=[32m"
true"[39m
                [33mc
lass[39m=[32m"lucide
 lucide-calendar w-3 h
-3"[39m
                [33mf
ill[39m=[32m"none"[
39m
                [33mh
eight[39m=[32m"24"[
39m
                [33ms
troke[39m=[32m"curre
ntColor"[39m
                [33ms
troke-linecap[39m=[3
2m"round"[39m
                [33ms
troke-linejoin[39m=[
32m"round"[39m
                [33ms
troke-width[39m=[32m
"2"[39m
                [33mv
iewBox[39m=[32m"0 0 
24 24"[39m
                [33mw
idth[39m=[32m"24"[3
9m
                [33mx
mlns[39m=[32m"http:/
/www.w3.org/2000/svg"
[39m
              [36m>[
39m
                [36m<
path[39m
                  [33
md[39m=[32m"M8 2v4"
[39m
                [36m/
>[39m
                [36m<
path[39m
                  [33
md[39m=[32m"M16 2v4"
[39m
                [36m/
>[39m
                [36m<
rect[39m
                  [33
mheight[39m=[32m"18"
[39m
                  [33
mrx[39m=[32m"2"[39m
                  [33
mwidth[39m=[32m"18"
[39m
                  [33
mx[39m=[32m"3"[39m
                  [33
my[39m=[32m"4"[39m
                [36m/
>[39m
                [36m<
path[39m
                  [33
md[39m=[32m"M3 10h18
"[39m
                [36m/
>[39m
              [36m</s
vg>[39m
              [0m 2.5
(紐? ~ 2.7(??[0m
            [36m</spa
n>[39m
            [36m<span
[39m
              [33mcla
ss[39m=[32m"flex ite
ms-center gap-1"[39m
            [36m>[39
m
              [36m<sv
g[39m
                [33ma
ria-hidden[39m=[32m"
true"[39m
                [33mc
lass[39m=[32m"lucide
 lucide-users w-3 h-3"
[39m
                [33mf
ill[39m=[32m"none"[
39m
                [33mh
eight[39m=[32m"24"[
39m
                [33ms
troke[39m=[32m"curre
ntColor"[39m
                [33ms
troke-linecap[39m=[3
2m"round"[39m
                [33ms
troke-linejoin[39m=[
32m"round"[39m
                [33ms
troke-width[39m=[32m
"2"[39m
                [33mv
iewBox[39m=[32m"0 0 
24 24"[39m
                [33mw
idth[39m=[32m"24"[3
9m
                [33mx
mlns[39m=[32m"http:/
/www.w3.org/2000/svg"
[39m
              [36m>[
39m
                [36m<
path[39m
                  [33
md[39m=[32m"M16 21v-
2a4 4 0 0 0-4-4H6a4 4 
0 0 0-4 4v2"[39m
                [36m/
>[39m
                [36m<
path[39m
                  [33
md[39m=[32m"M16 3.12
8a4 4 0 0 1 0 7.744"[
39m
                [36m/
>[39m
                [36m<
path[39m
                  [33
md[39m=[32m"M22 21v-
2a4 4 0 0 0-3-3.87"[3
9m
                [36m/
>[39m
                [36m<
circle[39m
                  [33
mcx[39m=[32m"9"[39m
                  [33
mcy[39m=[32m"7"[39m
                  [33
mr[39m=[32m"4"[39m
                [36m/
>[39m
              [36m</s
vg>[39m
              [0m [0
m
              [0m10[
0m
              [0m紐?[0
m
            [36m</spa
n>[39m
            [36m<span
[39m
              [33mcla
ss[39m=[32m"flex ite
ms-center gap-1"[39m
            [36m>[39
m
              [36m<sv
g[39m
                [33ma
ria-hidden[39m=[32m"
true"[39m
                [33mc
lass[39m=[32m"lucide
 lucide-map-pin w-3 h-
3"[39m
                [33mf
ill[39m=[32m"none"[
39m
                [33mh
eight[39m=[32m"24"[
39m
                [33ms
troke[39m=[32m"curre
ntColor"[39m
                [33ms
troke-linecap[39m=[3
2m"round"[39m
                [33ms
troke-linejoin[39m=[
32m"round"[39m
                [33ms
troke-width[39m=[32m
"2"[39m
                [33mv
iewBox[39m=[32m"0 0 
24 24"[39m
                [33mw
idth[39m=[32m"24"[3
9m
                [33mx
mlns[39m=[32m"http:/
/www.w3.org/2000/svg"
[39m
              [36m>[
39m
                [36m<
path[39m
                  [33
md[39m=[32m"M20 10c0
 4.993-5.539 10.193-7.
399 11.799a1 1 0 0 1-1
.202 0C9.539 20.193 4 
14.993 4 10a8 8 0 0 1 
16 0"[39m
                [36m/
>[39m
                [36m<
circle[39m
                  [33
mcx[39m=[32m"12"[39
m
                  [33
mcy[39m=[32m"10"[39
m
                  [33
mr[39m=[32m"3"[39m
                [36m/
>[39m
              [36m</s
vg>[39m
              [0m ?⑥궗
?대뱶 ?꾨뜶[0m
            [36m</spa
n>[39m
            [36m<span
[39m
              [33mcla
ss[39m=[32m"flex ite
ms-center gap-1"[39m
            [36m>[39
m
              [36m<sp
an[39m
                [33mc
lass[39m=[32m"animat
e-pulse"[39m
              [36m>[
39m
                [0m?좎
뵪 濡쒕뵫以?..[0m
              [36m</s
pan>[39m
            [36m</spa
n>[39m
          [36m</div>
[39m...

Ignored nodes: comment
s, script, style
[36m<html>[39m
  [36m<head />[39m
  [36m<body>[39m
    [36m<div>[39m
      [36m<div[39m
        [33mclass[39
m=[32m"min-h-screen p
b-safe-bottom"[39m
      [36m>[39m
        [36m<div[39m
          [33mclass[
39m=[32m"fixed inset-
0 z-[9999] bg-[#FF6B00
] flex flex-col items-
center justify-center 
transition-transform d
uration-500 ease-in-ou
t translate-y-[-100%]"
[39m
          [33mstyle[
39m=[32m"transition-d
elay: 1.2s;"[39m
        [36m>[39m
          [36m<div[3
9m
            [33mclass
[39m=[32m"text-cente
r text-white mb-20"[3
9m
          [36m>[39m
            [36m<div
[39m
              [33mcla
ss[39m=[32m"text-2xl
 font-light mb-2"[39m
            [36m>[39
m
              [0mSDx 
?뚮옯??[0m
            [36m</div
>[39m
            [36m<div
[39m
              [33mcla
ss[39m=[32m"text-4xl
 font-bold animate-pul
se"[39m
            [36m>[39
m
              [0m?좊굹?
??쒖＜ ??곗씠[0m
            [36m</div
>[39m
          [36m</div>
[39m
          [36m<div[3
9m
            [33mclass
[39m=[32m"text-[90px
] absolute transition-
all duration-1000 tang
erine-drop"[39m
          [36m>[39m
            [0m?뜇[0m
          [36m</div>
[39m
        [36m</div>[3
9m
        [36m<header[
39m
          [33mclass[
39m=[32m"relative bg-
gradient-to-br from-pr
imary to-[#FF9E40] tex
t-white p-6 pb-8 round
ed-b-[30px] overflow-h
idden shadow-lg z-10"
[39m
        [36m>[39m
          [36m<div[3
9m
            [33mclass
[39m=[32m"absolute t
op-[-50%] left-[-50%] 
w-[200%] h-[200%] bg-[
radial-gradient(circle
,rgba(255,255,255,0.2)
_0%,transparent_60%)] 
animate-[spin_20s_line
ar_infinite]"[39m
          [36m/>[39m
          [36m<div[3
9m
            [33mclass
[39m=[32m"relative z
-10"[39m
          [36m>[39m
            [36m<span
[39m
              [33mcla
ss[39m=[32m"inline-b
lock bg-white/25 backd
rop-blur-sm px-3 py-1.
5 rounded-full text-xs
 font-semibold border 
border-white/30 mb-3"
[39m
            [36m>[39
m
              [0m?뜇 J
eju Team Day[0m
            [36m</spa
n>[39m
            [36m<h1[
39m
              [33mcla
ss[39m=[32m"text-3xl
 font-bold mb-2 tracki
ng-tight"[39m
            [36m>[39
m
              [0mSDx 
?뚮옯?쇳?[0m
              [36m<br
 />[39m
              [0m?쒖＜?
??뚰겕??[0m
            [36m</h1>
[39m
            [36m<div
[39m
              [33mcla
ss[39m=[32m"flex fle
x-wrap gap-3 text-sm o
pacity-90 font-medium"
[39m
            [36m>[39
m
              [36m<sp
an[39m
                [33mc
lass[39m=[32m"flex i
tems-center gap-1"[39
m
              [36m>[
39m
                [36m<
svg[39m
                  [33
maria-hidden[39m=[32
m"true"[39m
                  [33
mclass[39m=[32m"luci
de lucide-calendar w-3
 h-3"[39m
                  [33
mfill[39m=[32m"none"
[39m
                  [33
mheight[39m=[32m"24"
[39m
                  [33
mstroke[39m=[32m"cur
rentColor"[39m
                  [33
mstroke-linecap[39m=
[32m"round"[39m
                  [33
mstroke-linejoin[39m=
[32m"round"[39m
                  [33
mstroke-width[39m=[3
2m"2"[39m
                  [33
mviewBox[39m=[32m"0 
0 24 24"[39m
                  [33
mwidth[39m=[32m"24"
[39m
                  [33
mxmlns[39m=[32m"http
://www.w3.org/2000/svg
"[39m
                [36m>
[39m
                  [36
m<path[39m
                    [
33md[39m=[32m"M8 2v4
"[39m
                  [36
m/>[39m
                  [36
m<path[39m
                    [
33md[39m=[32m"M16 2v
4"[39m
                  [36
m/>[39m
                  [36
m<rect[39m
                    [
33mheight[39m=[32m"1
8"[39m
                    [
33mrx[39m=[32m"2"[3
9m
                    [
33mwidth[39m=[32m"18
"[39m
                    [
33mx[39m=[32m"3"[39
m
                    [
33my[39m=[32m"4"[39
m
                  [36
m/>[39m
                  [36
m<path[39m
                    [
33md[39m=[32m"M3 10h
18"[39m
                  [36
m/>[39m
                [36m<
/svg>[39m
                [0m 2
.5(紐? ~ 2.7(??[0m
              [36m</s
pan>[39m
              [36m<sp
an[39m
                [33mc
lass[39m=[32m"flex i
tems-center gap-1"[39
m
              [36m>[
39m
                [36m<
svg[39m
                  [33
maria-hidden[39m=[32
m"true"[39m
                  [33
mclass[39m=[32m"luci
de lucide-users w-3 h-
3"[39m
                  [33
mfill[39m=[32m"none"
[39m
                  [33
mheight[39m=[32m"24"
[39m
                  [33
mstroke[39m=[32m"cur
rentColor"[39m
                  [33
mstroke-linecap[39m=
[32m"round"[39m
                  [33
mstroke-linejoin[39m=
[32m"round"[39m
                  [33
mstroke-width[39m=[3
2m"2"[39m
                  [33
mviewBox[39m=[32m"0 
0 24 24"[39m
                  [33
mwidth[39m=[32m"24"
[39m
                  [33
mxmlns[39m=[32m"http
://www.w3.org/2000/svg
"[39m
                [36m>
[39m
                  [36
m<path[39m
                    [
33md[39m=[32m"M16 21
v-2a4 4 0 0 0-4-4H6a4 
4 0 0 0-4 4v2"[39m
                  [36
m/>[39m
                  [36
m<path[39m
                    [
33md[39m=[32m"M16 3.
128a4 4 0 0 1 0 7.744"
[39m
                  [36
m/>[39m
                  [36
m<path[39m
                    [
33md[39m=[32m"M22 21
v-2a4 4 0 0 0-3-3.87"
[39m
                  [36
m/>[39m
                  [36
m<circle[39m
                    [
33mcx[39m=[32m"9"[3
9m
                    [
33mcy[39m=[32m"7"[3
9m
                    [
33mr[39m=[32m"4"[39
m
                  [36
m/>[39m
                [36m<
/svg>[39m
                [0m 
[0m
                [0m10
[0m
                [0m紐?
[0m
              [36m</s
pan>[39m
              [36m<sp
an[39m
                [33mc
lass[39m=[32m"flex i
tems-center gap-1"[39
m
              [36m>[
39m
                [36m<
svg[39m
                  [33
maria-hidden[39m=[32
m"true"[39m
                  [33
mclass[39m=[32m"luci
de lucide-map-pin w-3 
h-3"[39m
                  [33
mfill[39m=[32m"none"
[39m
                  [33
mheight[39m=[32m"24"
[39m
                  [33
mstroke[39m=[32m"cur
rentColor"[39m
                  [33
mstroke-linecap[39m=
[32m"round"[39m
                  [33
mstroke-linejoin[39m=
[32m"round"[39m
                  [33
mstroke-width[39m=[3
2m"2"[39m
                  [33
mviewBox[39m=[32m"0 
0 24 24"[39m
                  [33
mwidth[39m=[32m"24"
[39m
                  [33
mxmlns[39m=[32m"http
://www.w3.org/2000/svg
"[39m
                [36m>
[39m
                  [36
m<path[39m
                    [
33md[39m=[32m"M20 10
c0 4.993-5.539 10.193-
7.399 11.799a1 1 0 0 1
-1.202 0C9.539 20.193 
4 14.993 4 10a8 8 0 0 
1 16 0"[39m
                  [36
m/>[39m
                  [36
m<circle[39m
                    [
33mcx[39m=[32m"12"[
39m
                    [
33mcy[39m=[32m"10"[
39m
                    [
33mr[39m=[32m"3"[39
m
                  [36
m/>[39m
                [36m<
/svg>[39m
                [0m ?
⑥궗?대뱶 ?꾨뜶[0m
              [36m</s
pan>[39m
              [...
[90m [2m??[22m waitF
orWrapper node_modules
/@testing-library/dom/
dist/wait-for.js:[2m1
63:27[22m[39m
[36m [2m??[22m src/A
pp.test.tsx:[2m36:15
[22m[39m
    [90m 34| [39m   
     fireEvent[33m.[
39m[34mclick[39m(rec
Tab)[33m;[39m
    [90m 35| [39m
    [90m 36| [39m   
     [35mawait[39m 
[34mwaitFor[39m(() [
33m=>[39m {
    [90m   | [39m   
           [31m^[39m
    [90m 37| [39m   
         [34mexpect[
39m(screen[33m.[39m
[34mgetByText[39m([3
2m'李⑤웾 醫뚯꽍 諛곗튂'[39m))
[33m.[39m[34mtoBeIn
TheDocument[39m()[33
m;[39m
    [90m 38| [39m   
     })[33m;[39m

[31m[2m??렞??렞??렞??렞?
?렞??렞??렞??렞??렞??렞??렞??
렞[2/2]??[22m[39m

[31m??렞??렞??렞[39m[1
m[41m Unhandled Error
s [49m[22m[31m??렞??
렞??렞[39m
[31m[1m
Vitest caught 36 unhan
dled errors during the
 test run.
This might cause false
 positive tests. Resol
ve unhandled errors to
 make sure your tests 
are not affected.[22m
[39m

[31m??렞??렞??[39m[1m
[41m Uncaught Exceptio
n [49m[22m[31m??렞??
렞??[39m
[31m[1mTypeError[22
m: Cannot set properti
es of null (setting 'g
lobalCompositeOperatio
n')[39m
[90m [2m??[22m Objec
t.Render.world node_mo
dules/matter-js/build/
matter.js:[2m9091:42
[22m[39m
[90m [2m??[22m loop 
node_modules/matter-js
/build/matter.js:[2m8
854:20[22m[39m
[90m [2m??[22m Objec
t.Render.run node_modu
les/matter-js/build/ma
tter.js:[2m8867:11[2
2m[39m
[36m [2m??[22m Timeo
ut._onTimeout src/comp
onents/games/MarbleRac
e.tsx:[2m146:23[22m
[39m
    [90m144| [39m
    [90m145| [39m   
     [90m// Run[39m
    [90m146| [39m   
     [33mMatter[39m
[33m.[39m[33mRender
[39m[33m.[39m[34mru
n[39m(render)[33m;[
39m
    [90m   | [39m   
                   [3
1m^[39m
    [90m147| [39m   
     [35mconst[39m r
unner [33m=[39m [33
mMatter[39m[33m.[39
m[33mRunner[39m[33m
.[39m[34mcreate[39m
()[33m;[39m
    [90m148| [39m   
     runnerRef[33m.[
39mcurrent [33m=[39m
 runner[33m;[39m
[90m [2m??[22m listO
nTimeout node:internal
/timers:[2m605:17[22
m[39m
[90m [2m??[22m proce
ssTimers node:internal
/timers:[2m541:7[22m
[39m

[31mThis error origin
ated in "[1msrc/App.t
est.tsx[22m" test fil
e. It doesn't mean the
 error was thrown insi
de the file itself, bu
t while it was running
.[39m
[31mThe latest test t
hat might've caused th
e error is "[1mnaviga
tes to REC tab and sho
ws Car Game[22m". It 
might mean one of the 
following:
- The error was thrown
, while Vitest was run
ning this test.
- If the error occurre
d after the test had b
een completed, this wa
s the last documented 
test before it was thr
own.[39m

[31m??렞??렞??[39m[1m
[41m Uncaught Exceptio
n [49m[22m[31m??렞??
렞??[39m
[31m[1mTypeError[22
m: Cannot set properti
es of null (setting 'g
lobalCompositeOperatio
n')[39m
[90m [2m??[22m Objec
t.Render.world node_mo
dules/matter-js/build/
matter.js:[2m9091:42
[22m[39m
[90m [2m??[22m loop 
node_modules/matter-js
/build/matter.js:[2m8
854:20[22m[39m
[90m [2m??[22m invok
eTheCallbackFunction n
ode_modules/jsdom/lib/
jsdom/living/generated
/Function.js:[2m19:26
[22m[39m
[90m [2m??[22m runAn
imationFrameCallbacks 
node_modules/jsdom/lib
/jsdom/browser/Window.
js:[2m688:13[22m[39
m
[90m [2m??[22m Timeo
ut.<anonymous> node_mo
dules/jsdom/lib/jsdom/
browser/Window.js:[2m
666:11[22m[39m
[90m [2m??[22m listO
nTimeout node:internal
/timers:[2m605:17[22
m[39m
[90m [2m??[22m proce
ssTimers node:internal
/timers:[2m541:7[22m
[39m

[31mThis error origin
ated in "[1msrc/App.t
est.tsx[22m" test fil
e. It doesn't mean the
 error was thrown insi
de the file itself, bu
t while it was running
.[39m
[31mThe latest test t
hat might've caused th
e error is "[1mnaviga
tes to REC tab and sho
ws Car Game[22m". It 
might mean one of the 
following:
- The error was thrown
, while Vitest was run
ning this test.
- If the error occurre
d after the test had b
een completed, this wa
s the last documented 
test before it was thr
own.[39m

[31m??렞??렞??[39m[1m
[41m Uncaught Exceptio
n [49m[22m[31m??렞??
렞??[39m
[31m[1mTypeError[22
m: Cannot set properti
es of null (setting 'g
lobalCompositeOperatio
n')[39m
[90m [2m??[22m Objec
t.Render.world node_mo
dules/matter-js/build/
matter.js:[2m9091:42
[22m[39m
[90m [2m??[22m loop 
node_modules/matter-js
/build/matter.js:[2m8
854:20[22m[39m
[90m [2m??[22m invok
eTheCallbackFunction n
ode_modules/jsdom/lib/
jsdom/living/generated
/Function.js:[2m19:26
[22m[39m
[90m [2m??[22m runAn
imationFrameCallbacks 
node_modules/jsdom/lib
/jsdom/browser/Window.
js:[2m688:13[22m[39
m
[90m [2m??[22m Timeo
ut.<anonymous> node_mo
dules/jsdom/lib/jsdom/
browser/Window.js:[2m
666:11[22m[39m
[90m [2m??[22m listO
nTimeout node:internal
/timers:[2m605:17[22
m[39m
[90m [2m??[22m proce
ssTimers node:internal
/timers:[2m541:7[22m
[39m

[31mThis error origin
ated in "[1msrc/App.t
est.tsx[22m" test fil
e. It doesn't mean the
 error was thrown insi
de the file itself, bu
t while it was running
.[39m
[31mThe latest test t
hat might've caused th
e error is "[1mnaviga
tes to REC tab and sho
ws Car Game[22m". It 
might mean one of the 
following:
- The error was thrown
, while Vitest was run
ning this test.
- If the error occurre
d after the test had b
een completed, this wa
s the last documented 
test before it was thr
own.[39m

[31m??렞??렞??[39m[1m
[41m Uncaught Exceptio
n [49m[22m[31m??렞??
렞??[39m
[31m[1mTypeError[22
m: Cannot set properti
es of null (setting 'g
lobalCompositeOperatio
n')[39m
[90m [2m??[22m Objec
t.Render.world node_mo
dules/matter-js/build/
matter.js:[2m9091:42
[22m[39m
[90m [2m??[22m loop 
node_modules/matter-js
/build/matter.js:[2m8
854:20[22m[39m
[90m [2m??[22m invok
eTheCallbackFunction n
ode_modules/jsdom/lib/
jsdom/living/generated
/Function.js:[2m19:26
[22m[39m
[90m [2m??[22m runAn
imationFrameCallbacks 
node_modules/jsdom/lib
/jsdom/browser/Window.
js:[2m688:13[22m[39
m
[90m [2m??[22m Timeo
ut.<anonymous> node_mo
dules/jsdom/lib/jsdom/
browser/Window.js:[2m
666:11[22m[39m
[90m [2m??[22m listO
nTimeout node:internal
/timers:[2m605:17[22
m[39m
[90m [2m??[22m proce
ssTimers node:internal
/timers:[2m541:7[22m
[39m

[31mThis error origin
ated in "[1msrc/App.t
est.tsx[22m" test fil
e. It doesn't mean the
 error was thrown insi
de the file itself, bu
t while it was running
.[39m
[31mThe latest test t
hat might've caused th
e error is "[1mnaviga
tes to REC tab and sho
ws Car Game[22m". It 
might mean one of the 
following:
- The error was thrown
, while Vitest was run
ning this test.
- If the error occurre
d after the test had b
een completed, this wa
s the last documented 
test before it was thr
own.[39m

[31m??렞??렞??[39m[1m
[41m Uncaught Exceptio
n [49m[22m[31m??렞??
렞??[39m
[31m[1mTypeError[22
m: Cannot set properti
es of null (setting 'g
lobalCompositeOperatio
n')[39m
[90m [2m??[22m Objec
t.Render.world node_mo
dules/matter-js/build/
matter.js:[2m9091:42
[22m[39m
[90m [2m??[22m loop 
node_modules/matter-js
/build/matter.js:[2m8
854:20[22m[39m
[90m [2m??[22m invok
eTheCallbackFunction n
ode_modules/jsdom/lib/
jsdom/living/generated
/Function.js:[2m19:26
[22m[39m
[90m [2m??[22m runAn
imationFrameCallbacks 
node_modules/jsdom/lib
/jsdom/browser/Window.
js:[2m688:13[22m[39
m
[90m [2m??[22m Timeo
ut.<anonymous> node_mo
dules/jsdom/lib/jsdom/
browser/Window.js:[2m
666:11[22m[39m
[90m [2m??[22m listO
nTimeout node:internal
/timers:[2m605:17[22
m[39m
[90m [2m??[22m proce
ssTimers node:internal
/timers:[2m541:7[22m
[39m

[31mThis error origin
ated in "[1msrc/App.t
est.tsx[22m" test fil
e. It doesn't mean the
 error was thrown insi
de the file itself, bu
t while it was running
.[39m
[31mThe latest test t
hat might've caused th
e error is "[1mnaviga
tes to REC tab and sho
ws Car Game[22m". It 
might mean one of the 
following:
- The error was thrown
, while Vitest was run
ning this test.
- If the error occurre
d after the test had b
een completed, this wa
s the last documented 
test before it was thr
own.[39m

[31m??렞??렞??[39m[1m
[41m Uncaught Exceptio
n [49m[22m[31m??렞??
렞??[39m
[31m[1mTypeError[22
m: Cannot set properti
es of null (setting 'g
lobalCompositeOperatio
n')[39m
[90m [2m??[22m Objec
t.Render.world node_mo
dules/matter-js/build/
matter.js:[2m9091:42
[22m[39m
[90m [2m??[22m loop 
node_modules/matter-js
/build/matter.js:[2m8
854:20[22m[39m
[90m [2m??[22m invok
eTheCallbackFunction n
ode_modules/jsdom/lib/
jsdom/living/generated
/Function.js:[2m19:26
[22m[39m
[90m [2m??[22m runAn
imationFrameCallbacks 
node_modules/jsdom/lib
/jsdom/browser/Window.
js:[2m688:13[22m[39
m
[90m [2m??[22m Timeo
ut.<anonymous> node_mo
dules/jsdom/lib/jsdom/
browser/Window.js:[2m
666:11[22m[39m
[90m [2m??[22m listO
nTimeout node:internal
/timers:[2m605:17[22
m[39m
[90m [2m??[22m proce
ssTimers node:internal
/timers:[2m541:7[22m
[39m

[31mThis error origin
ated in "[1msrc/App.t
est.tsx[22m" test fil
e. It doesn't mean the
 error was thrown insi
de the file itself, bu
t while it was running
.[39m
[31mThe latest test t
hat might've caused th
e error is "[1mnaviga
tes to REC tab and sho
ws Car Game[22m". It 
might mean one of the 
following:
- The error was thrown
, while Vitest was run
ning this test.
- If the error occurre
d after the test had b
een completed, this wa
s the last documented 
test before it was thr
own.[39m

[31m??렞??렞??[39m[1m
[41m Uncaught Exceptio
n [49m[22m[31m??렞??
렞??[39m
[31m[1mTypeError[22
m: Cannot set properti
es of null (setting 'g
lobalCompositeOperatio
n')[39m
[90m [2m??[22m Objec
t.Render.world node_mo
dules/matter-js/build/
matter.js:[2m9091:42
[22m[39m
[90m [2m??[22m loop 
node_modules/matter-js
/build/matter.js:[2m8
854:20[22m[39m
[90m [2m??[22m invok
eTheCallbackFunction n
ode_modules/jsdom/lib/
jsdom/living/generated
/Function.js:[2m19:26
[22m[39m
[90m [2m??[22m runAn
imationFrameCallbacks 
node_modules/jsdom/lib
/jsdom/browser/Window.
js:[2m688:13[22m[39
m
[90m [2m??[22m Timeo
ut.<anonymous> node_mo
dules/jsdom/lib/jsdom/
browser/Window.js:[2m
666:11[22m[39m
[90m [2m??[22m listO
nTimeout node:internal
/timers:[2m605:17[22
m[39m
[90m [2m??[22m proce
ssTimers node:internal
/timers:[2m541:7[22m
[39m

[31mThis error origin
ated in "[1msrc/App.t
est.tsx[22m" test fil
e. It doesn't mean the
 error was thrown insi
de the file itself, bu
t while it was running
.[39m
[31mThe latest test t
hat might've caused th
e error is "[1mnaviga
tes to REC tab and sho
ws Car Game[22m". It 
might mean one of the 
following:
- The error was thrown
, while Vitest was run
ning this test.
- If the error occurre
d after the test had b
een completed, this wa
s the last documented 
test before it was thr
own.[39m

[31m??렞??렞??[39m[1m
[41m Uncaught Exceptio
n [49m[22m[31m??렞??
렞??[39m
[31m[1mTypeError[22
m: Cannot set properti
es of null (setting 'g
lobalCompositeOperatio
n')[39m
[90m [2m??[22m Objec
t.Render.world node_mo
dules/matter-js/build/
matter.js:[2m9091:42
[22m[39m
[90m [2m??[22m loop 
node_modules/matter-js
/build/matter.js:[2m8
854:20[22m[39m
[90m [2m??[22m invok
eTheCallbackFunction n
ode_modules/jsdom/lib/
jsdom/living/generated
/Function.js:[2m19:26
[22m[39m
[90m [2m??[22m runAn
imationFrameCallbacks 
node_modules/jsdom/lib
/jsdom/browser/Window.
js:[2m688:13[22m[39
m
[90m [2m??[22m Timeo
ut.<anonymous> node_mo
dules/jsdom/lib/jsdom/
browser/Window.js:[2m
666:11[22m[39m
[90m [2m??[22m listO
nTimeout node:internal
/timers:[2m605:17[22
m[39m
[90m [2m??[22m proce
ssTimers node:internal
/timers:[2m541:7[22m
[39m

[31mThis error origin
ated in "[1msrc/App.t
est.tsx[22m" test fil
e. It doesn't mean the
 error was thrown insi
de the file itself, bu
t while it was running
.[39m
[31mThe latest test t
hat might've caused th
e error is "[1mnaviga
tes to REC tab and sho
ws Car Game[22m". It 
might mean one of the 
following:
- The error was thrown
, while Vitest was run
ning this test.
- If the error occurre
d after the test had b
een completed, this wa
s the last documented 
test before it was thr
own.[39m

[31m??렞??렞??[39m[1m
[41m Uncaught Exceptio
n [49m[22m[31m??렞??
렞??[39m
[31m[1mTypeError[22
m: Cannot set properti
es of null (setting 'g
lobalCompositeOperatio
n')[39m
[90m [2m??[22m Objec
t.Render.world node_mo
dules/matter-js/build/
matter.js:[2m9091:42
[22m[39m
[90m [2m??[22m loop 
node_modules/matter-js
/build/matter.js:[2m8
854:20[22m[39m
[90m [2m??[22m invok
eTheCallbackFunction n
ode_modules/jsdom/lib/
jsdom/living/generated
/Function.js:[2m19:26
[22m[39m
[90m [2m??[22m runAn
imationFrameCallbacks 
node_modules/jsdom/lib
/jsdom/browser/Window.
js:[2m688:13[22m[39
m
[90m [2m??[22m Timeo
ut.<anonymous> node_mo
dules/jsdom/lib/jsdom/
browser/Window.js:[2m
666:11[22m[39m
[90m [2m??[22m listO
nTimeout node:internal
/timers:[2m605:17[22
m[39m
[90m [2m??[22m proce
ssTimers node:internal
/timers:[2m541:7[22m
[39m

[31mThis error origin
ated in "[1msrc/App.t
est.tsx[22m" test fil
e. It doesn't mean the
 error was thrown insi
de the file itself, bu
t while it was running
.[39m
[31mThe latest test t
hat might've caused th
e error is "[1mnaviga
tes to REC tab and sho
ws Car Game[22m". It 
might mean one of the 
following:
- The error was thrown
, while Vitest was run
ning this test.
- If the error occurre
d after the test had b
een completed, this wa
s the last documented 
test before it was thr
own.[39m

[31m??렞??렞??[39m[1m
[41m Uncaught Exceptio
n [49m[22m[31m??렞??
렞??[39m
[31m[1mTypeError[22
m: Cannot set properti
es of null (setting 'g
lobalCompositeOperatio
n')[39m
[90m [2m??[22m Objec
t.Render.world node_mo
dules/matter-js/build/
matter.js:[2m9091:42
[22m[39m
[90m [2m??[22m loop 
node_modules/matter-js
/build/matter.js:[2m8
854:20[22m[39m
[90m [2m??[22m invok
eTheCallbackFunction n
ode_modules/jsdom/lib/
jsdom/living/generated
/Function.js:[2m19:26
[22m[39m
[90m [2m??[22m runAn
imationFrameCallbacks 
node_modules/jsdom/lib
/jsdom/browser/Window.
js:[2m688:13[22m[39
m
[90m [2m??[22m Timeo
ut.<anonymous> node_mo
dules/jsdom/lib/jsdom/
browser/Window.js:[2m
666:11[22m[39m
[90m [2m??[22m listO
nTimeout node:internal
/timers:[2m605:17[22
m[39m
[90m [2m??[22m proce
ssTimers node:internal
/timers:[2m541:7[22m
[39m

[31mThis error origin
ated in "[1msrc/App.t
est.tsx[22m" test fil
e. It doesn't mean the
 error was thrown insi
de the file itself, bu
t while it was running
.[39m
[31mThe latest test t
hat might've caused th
e error is "[1mnaviga
tes to REC tab and sho
ws Car Game[22m". It 
might mean one of the 
following:
- The error was thrown
, while Vitest was run
ning this test.
- If the error occurre
d after the test had b
een completed, this wa
s the last documented 
test before it was thr
own.[39m

[31m??렞??렞??[39m[1m
[41m Uncaught Exceptio
n [49m[22m[31m??렞??
렞??[39m
[31m[1mTypeError[22
m: Cannot set properti
es of null (setting 'g
lobalCompositeOperatio
n')[39m
[90m [2m??[22m Objec
t.Render.world node_mo
dules/matter-js/build/
matter.js:[2m9091:42
[22m[39m
[90m [2m??[22m loop 
node_modules/matter-js
/build/matter.js:[2m8
854:20[22m[39m
[90m [2m??[22m invok
eTheCallbackFunction n
ode_modules/jsdom/lib/
jsdom/living/generated
/Function.js:[2m19:26
[22m[39m
[90m [2m??[22m runAn
imationFrameCallbacks 
node_modules/jsdom/lib
/jsdom/browser/Window.
js:[2m688:13[22m[39
m
[90m [2m??[22m Timeo
ut.<anonymous> node_mo
dules/jsdom/lib/jsdom/
browser/Window.js:[2m
666:11[22m[39m
[90m [2m??[22m listO
nTimeout node:internal
/timers:[2m605:17[22
m[39m
[90m [2m??[22m proce
ssTimers node:internal
/timers:[2m541:7[22m
[39m

[31mThis error origin
ated in "[1msrc/App.t
est.tsx[22m" test fil
e. It doesn't mean the
 error was thrown insi
de the file itself, bu
t while it was running
.[39m
[31mThe latest test t
hat might've caused th
e error is "[1mnaviga
tes to REC tab and sho
ws Car Game[22m". It 
might mean one of the 
following:
- The error was thrown
, while Vitest was run
ning this test.
- If the error occurre
d after the test had b
een completed, this wa
s the last documented 
test before it was thr
own.[39m

[31m??렞??렞??[39m[1m
[41m Uncaught Exceptio
n [49m[22m[31m??렞??
렞??[39m
[31m[1mTypeError[22
m: Cannot set properti
es of null (setting 'g
lobalCompositeOperatio
n')[39m
[90m [2m??[22m Objec
t.Render.world node_mo
dules/matter-js/build/
matter.js:[2m9091:42
[22m[39m
[90m [2m??[22m loop 
node_modules/matter-js
/build/matter.js:[2m8
854:20[22m[39m
[90m [2m??[22m invok
eTheCallbackFunction n
ode_modules/jsdom/lib/
jsdom/living/generated
/Function.js:[2m19:26
[22m[39m
[90m [2m??[22m runAn
imationFrameCallbacks 
node_modules/jsdom/lib
/jsdom/browser/Window.
js:[2m688:13[22m[39
m
[90m [2m??[22m Timeo
ut.<anonymous> node_mo
dules/jsdom/lib/jsdom/
browser/Window.js:[2m
666:11[22m[39m
[90m [2m??[22m listO
nTimeout node:internal
/timers:[2m605:17[22
m[39m
[90m [2m??[22m proce
ssTimers node:internal
/timers:[2m541:7[22m
[39m

[31mThis error origin
ated in "[1msrc/App.t
est.tsx[22m" test fil
e. It doesn't mean the
 error was thrown insi
de the file itself, bu
t while it was running
.[39m
[31mThe latest test t
hat might've caused th
e error is "[1mnaviga
tes to REC tab and sho
ws Car Game[22m". It 
might mean one of the 
following:
- The error was thrown
, while Vitest was run
ning this test.
- If the error occurre
d after the test had b
een completed, this wa
s the last documented 
test before it was thr
own.[39m

[31m??렞??렞??[39m[1m
[41m Uncaught Exceptio
n [49m[22m[31m??렞??
렞??[39m
[31m[1mTypeError[22
m: Cannot set properti
es of null (setting 'g
lobalCompositeOperatio
n')[39m
[90m [2m??[22m Objec
t.Render.world node_mo
dules/matter-js/build/
matter.js:[2m9091:42
[22m[39m
[90m [2m??[22m loop 
node_modules/matter-js
/build/matter.js:[2m8
854:20[22m[39m
[90m [2m??[22m invok
eTheCallbackFunction n
ode_modules/jsdom/lib/
jsdom/living/generated
/Function.js:[2m19:26
[22m[39m
[90m [2m??[22m runAn
imationFrameCallbacks 
node_modules/jsdom/lib
/jsdom/browser/Window.
js:[2m688:13[22m[39
m
[90m [2m??[22m Timeo
ut.<anonymous> node_mo
dules/jsdom/lib/jsdom/
browser/Window.js:[2m
666:11[22m[39m
[90m [2m??[22m listO
nTimeout node:internal
/timers:[2m605:17[22
m[39m
[90m [2m??[22m proce
ssTimers node:internal
/timers:[2m541:7[22m
[39m

[31mThis error origin
ated in "[1msrc/App.t
est.tsx[22m" test fil
e. It doesn't mean the
 error was thrown insi
de the file itself, bu
t while it was running
.[39m
[31mThe latest test t
hat might've caused th
e error is "[1mnaviga
tes to REC tab and sho
ws Car Game[22m". It 
might mean one of the 
following:
- The error was thrown
, while Vitest was run
ning this test.
- If the error occurre
d after the test had b
een completed, this wa
s the last documented 
test before it was thr
own.[39m

[31m??렞??렞??[39m[1m
[41m Uncaught Exceptio
n [49m[22m[31m??렞??
렞??[39m
[31m[1mTypeError[22
m: Cannot set properti
es of null (setting 'g
lobalCompositeOperatio
n')[39m
[90m [2m??[22m Objec
t.Render.world node_mo
dules/matter-js/build/
matter.js:[2m9091:42
[22m[39m
[90m [2m??[22m loop 
node_modules/matter-js
/build/matter.js:[2m8
854:20[22m[39m
[90m [2m??[22m invok
eTheCallbackFunction n
ode_modules/jsdom/lib/
jsdom/living/generated
/Function.js:[2m19:26
[22m[39m
[90m [2m??[22m runAn
imationFrameCallbacks 
node_modules/jsdom/lib
/jsdom/browser/Window.
js:[2m688:13[22m[39
m
[90m [2m??[22m Timeo
ut.<anonymous> node_mo
dules/jsdom/lib/jsdom/
browser/Window.js:[2m
666:11[22m[39m
[90m [2m??[22m listO
nTimeout node:internal
/timers:[2m605:17[22
m[39m
[90m [2m??[22m proce
ssTimers node:internal
/timers:[2m541:7[22m
[39m

[31mThis error origin
ated in "[1msrc/App.t
est.tsx[22m" test fil
e. It doesn't mean the
 error was thrown insi
de the file itself, bu
t while it was running
.[39m
[31mThe latest test t
hat might've caused th
e error is "[1mnaviga
tes to REC tab and sho
ws Car Game[22m". It 
might mean one of the 
following:
- The error was thrown
, while Vitest was run
ning this test.
- If the error occurre
d after the test had b
een completed, this wa
s the last documented 
test before it was thr
own.[39m

[31m??렞??렞??[39m[1m
[41m Uncaught Exceptio
n [49m[22m[31m??렞??
렞??[39m
[31m[1mTypeError[22
m: Cannot set properti
es of null (setting 'g
lobalCompositeOperatio
n')[39m
[90m [2m??[22m Objec
t.Render.world node_mo
dules/matter-js/build/
matter.js:[2m9091:42
[22m[39m
[90m [2m??[22m loop 
node_modules/matter-js
/build/matter.js:[2m8
854:20[22m[39m
[90m [2m??[22m invok
eTheCallbackFunction n
ode_modules/jsdom/lib/
jsdom/living/generated
/Function.js:[2m19:26
[22m[39m
[90m [2m??[22m runAn
imationFrameCallbacks 
node_modules/jsdom/lib
/jsdom/browser/Window.
js:[2m688:13[22m[39
m
[90m [2m??[22m Timeo
ut.<anonymous> node_mo
dules/jsdom/lib/jsdom/
browser/Window.js:[2m
666:11[22m[39m
[90m [2m??[22m listO
nTimeout node:internal
/timers:[2m605:17[22
m[39m
[90m [2m??[22m proce
ssTimers node:internal
/timers:[2m541:7[22m
[39m

[31mThis error origin
ated in "[1msrc/App.t
est.tsx[22m" test fil
e. It doesn't mean the
 error was thrown insi
de the file itself, bu
t while it was running
.[39m
[31mThe latest test t
hat might've caused th
e error is "[1mnaviga
tes to REC tab and sho
ws Car Game[22m". It 
might mean one of the 
following:
- The error was thrown
, while Vitest was run
ning this test.
- If the error occurre
d after the test had b
een completed, this wa
s the last documented 
test before it was thr
own.[39m

[31m??렞??렞??[39m[1m
[41m Uncaught Exceptio
n [49m[22m[31m??렞??
렞??[39m
[31m[1mTypeError[22
m: Cannot set properti
es of null (setting 'g
lobalCompositeOperatio
n')[39m
[90m [2m??[22m Objec
t.Render.world node_mo
dules/matter-js/build/
matter.js:[2m9091:42
[22m[39m
[90m [2m??[22m loop 
node_modules/matter-js
/build/matter.js:[2m8
854:20[22m[39m
[90m [2m??[22m invok
eTheCallbackFunction n
ode_modules/jsdom/lib/
jsdom/living/generated
/Function.js:[2m19:26
[22m[39m
[90m [2m??[22m runAn
imationFrameCallbacks 
node_modules/jsdom/lib
/jsdom/browser/Window.
js:[2m688:13[22m[39
m
[90m [2m??[22m Timeo
ut.<anonymous> node_mo
dules/jsdom/lib/jsdom/
browser/Window.js:[2m
666:11[22m[39m
[90m [2m??[22m listO
nTimeout node:internal
/timers:[2m605:17[22
m[39m
[90m [2m??[22m proce
ssTimers node:internal
/timers:[2m541:7[22m
[39m

[31mThis error origin
ated in "[1msrc/App.t
est.tsx[22m" test fil
e. It doesn't mean the
 error was thrown insi
de the file itself, bu
t while it was running
.[39m
[31mThe latest test t
hat might've caused th
e error is "[1mnaviga
tes to REC tab and sho
ws Car Game[22m". It 
might mean one of the 
following:
- The error was thrown
, while Vitest was run
ning this test.
- If the error occurre
d after the test had b
een completed, this wa
s the last documented 
test before it was thr
own.[39m

[31m??렞??렞??[39m[1m
[41m Uncaught Exceptio
n [49m[22m[31m??렞??
렞??[39m
[31m[1mTypeError[22
m: Cannot set properti
es of null (setting 'g
lobalCompositeOperatio
n')[39m
[90m [2m??[22m Objec
t.Render.world node_mo
dules/matter-js/build/
matter.js:[2m9091:42
[22m[39m
[90m [2m??[22m loop 
node_modules/matter-js
/build/matter.js:[2m8
854:20[22m[39m
[90m [2m??[22m invok
eTheCallbackFunction n
ode_modules/jsdom/lib/
jsdom/living/generated
/Function.js:[2m19:26
[22m[39m
[90m [2m??[22m runAn
imationFrameCallbacks 
node_modules/jsdom/lib
/jsdom/browser/Window.
js:[2m688:13[22m[39
m
[90m [2m??[22m Timeo
ut.<anonymous> node_mo
dules/jsdom/lib/jsdom/
browser/Window.js:[2m
666:11[22m[39m
[90m [2m??[22m listO
nTimeout node:internal
/timers:[2m605:17[22
m[39m
[90m [2m??[22m proce
ssTimers node:internal
/timers:[2m541:7[22m
[39m

[31mThis error origin
ated in "[1msrc/App.t
est.tsx[22m" test fil
e. It doesn't mean the
 error was thrown insi
de the file itself, bu
t while it was running
.[39m
[31mThe latest test t
hat might've caused th
e error is "[1mnaviga
tes to REC tab and sho
ws Car Game[22m". It 
might mean one of the 
following:
- The error was thrown
, while Vitest was run
ning this test.
- If the error occurre
d after the test had b
een completed, this wa
s the last documented 
test before it was thr
own.[39m

[31m??렞??렞??[39m[1m
[41m Uncaught Exceptio
n [49m[22m[31m??렞??
렞??[39m
[31m[1mTypeError[22
m: Cannot set properti
es of null (setting 'g
lobalCompositeOperatio
n')[39m
[90m [2m??[22m Objec
t.Render.world node_mo
dules/matter-js/build/
matter.js:[2m9091:42
[22m[39m
[90m [2m??[22m loop 
node_modules/matter-js
/build/matter.js:[2m8
854:20[22m[39m
[90m [2m??[22m invok
eTheCallbackFunction n
ode_modules/jsdom/lib/
jsdom/living/generated
/Function.js:[2m19:26
[22m[39m
[90m [2m??[22m runAn
imationFrameCallbacks 
node_modules/jsdom/lib
/jsdom/browser/Window.
js:[2m688:13[22m[39
m
[90m [2m??[22m Timeo
ut.<anonymous> node_mo
dules/jsdom/lib/jsdom/
browser/Window.js:[2m
666:11[22m[39m
[90m [2m??[22m listO
nTimeout node:internal
/timers:[2m605:17[22
m[39m
[90m [2m??[22m proce
ssTimers node:internal
/timers:[2m541:7[22m
[39m

[31mThis error origin
ated in "[1msrc/App.t
est.tsx[22m" test fil
e. It doesn't mean the
 error was thrown insi
de the file itself, bu
t while it was running
.[39m
[31mThe latest test t
hat might've caused th
e error is "[1mnaviga
tes to REC tab and sho
ws Car Game[22m". It 
might mean one of the 
following:
- The error was thrown
, while Vitest was run
ning this test.
- If the error occurre
d after the test had b
een completed, this wa
s the last documented 
test before it was thr
own.[39m

[31m??렞??렞??[39m[1m
[41m Uncaught Exceptio
n [49m[22m[31m??렞??
렞??[39m
[31m[1mTypeError[22
m: Cannot set properti
es of null (setting 'g
lobalCompositeOperatio
n')[39m
[90m [2m??[22m Objec
t.Render.world node_mo
dules/matter-js/build/
matter.js:[2m9091:42
[22m[39m
[90m [2m??[22m loop 
node_modules/matter-js
/build/matter.js:[2m8
854:20[22m[39m
[90m [2m??[22m invok
eTheCallbackFunction n
ode_modules/jsdom/lib/
jsdom/living/generated
/Function.js:[2m19:26
[22m[39m
[90m [2m??[22m runAn
imationFrameCallbacks 
node_modules/jsdom/lib
/jsdom/browser/Window.
js:[2m688:13[22m[39
m
[90m [2m??[22m Timeo
ut.<anonymous> node_mo
dules/jsdom/lib/jsdom/
browser/Window.js:[2m
666:11[22m[39m
[90m [2m??[22m listO
nTimeout node:internal
/timers:[2m605:17[22
m[39m
[90m [2m??[22m proce
ssTimers node:internal
/timers:[2m541:7[22m
[39m

[31mThis error origin
ated in "[1msrc/App.t
est.tsx[22m" test fil
e. It doesn't mean the
 error was thrown insi
de the file itself, bu
t while it was running
.[39m
[31mThe latest test t
hat might've caused th
e error is "[1mnaviga
tes to REC tab and sho
ws Car Game[22m". It 
might mean one of the 
following:
- The error was thrown
, while Vitest was run
ning this test.
- If the error occurre
d after the test had b
een completed, this wa
s the last documented 
test before it was thr
own.[39m

[31m??렞??렞??[39m[1m
[41m Uncaught Exceptio
n [49m[22m[31m??렞??
렞??[39m
[31m[1mTypeError[22
m: Cannot set properti
es of null (setting 'g
lobalCompositeOperatio
n')[39m
[90m [2m??[22m Objec
t.Render.world node_mo
dules/matter-js/build/
matter.js:[2m9091:42
[22m[39m
[90m [2m??[22m loop 
node_modules/matter-js
/build/matter.js:[2m8
854:20[22m[39m
[90m [2m??[22m invok
eTheCallbackFunction n
ode_modules/jsdom/lib/
jsdom/living/generated
/Function.js:[2m19:26
[22m[39m
[90m [2m??[22m runAn
imationFrameCallbacks 
node_modules/jsdom/lib
/jsdom/browser/Window.
js:[2m688:13[22m[39
m
[90m [2m??[22m Timeo
ut.<anonymous> node_mo
dules/jsdom/lib/jsdom/
browser/Window.js:[2m
666:11[22m[39m
[90m [2m??[22m listO
nTimeout node:internal
/timers:[2m605:17[22
m[39m
[90m [2m??[22m proce
ssTimers node:internal
/timers:[2m541:7[22m
[39m

[31mThis error origin
ated in "[1msrc/App.t
est.tsx[22m" test fil
e. It doesn't mean the
 error was thrown insi
de the file itself, bu
t while it was running
.[39m
[31mThe latest test t
hat might've caused th
e error is "[1mnaviga
tes to REC tab and sho
ws Car Game[22m". It 
might mean one of the 
following:
- The error was thrown
, while Vitest was run
ning this test.
- If the error occurre
d after the test had b
een completed, this wa
s the last documented 
test before it was thr
own.[39m

[31m??렞??렞??[39m[1m
[41m Uncaught Exceptio
n [49m[22m[31m??렞??
렞??[39m
[31m[1mTypeError[22
m: Cannot set properti
es of null (setting 'g
lobalCompositeOperatio
n')[39m
[90m [2m??[22m Objec
t.Render.world node_mo
dules/matter-js/build/
matter.js:[2m9091:42
[22m[39m
[90m [2m??[22m loop 
node_modules/matter-js
/build/matter.js:[2m8
854:20[22m[39m
[90m [2m??[22m invok
eTheCallbackFunction n
ode_modules/jsdom/lib/
jsdom/living/generated
/Function.js:[2m19:26
[22m[39m
[90m [2m??[22m runAn
imationFrameCallbacks 
node_modules/jsdom/lib
/jsdom/browser/Window.
js:[2m688:13[22m[39
m
[90m [2m??[22m Timeo
ut.<anonymous> node_mo
dules/jsdom/lib/jsdom/
browser/Window.js:[2m
666:11[22m[39m
[90m [2m??[22m listO
nTimeout node:internal
/timers:[2m605:17[22
m[39m
[90m [2m??[22m proce
ssTimers node:internal
/timers:[2m541:7[22m
[39m

[31mThis error origin
ated in "[1msrc/App.t
est.tsx[22m" test fil
e. It doesn't mean the
 error was thrown insi
de the file itself, bu
t while it was running
.[39m
[31mThe latest test t
hat might've caused th
e error is "[1mnaviga
tes to REC tab and sho
ws Car Game[22m". It 
might mean one of the 
following:
- The error was thrown
, while Vitest was run
ning this test.
- If the error occurre
d after the test had b
een completed, this wa
s the last documented 
test before it was thr
own.[39m

[31m??렞??렞??[39m[1m
[41m Uncaught Exceptio
n [49m[22m[31m??렞??
렞??[39m
[31m[1mTypeError[22
m: Cannot set properti
es of null (setting 'g
lobalCompositeOperatio
n')[39m
[90m [2m??[22m Objec
t.Render.world node_mo
dules/matter-js/build/
matter.js:[2m9091:42
[22m[39m
[90m [2m??[22m loop 
node_modules/matter-js
/build/matter.js:[2m8
854:20[22m[39m
[90m [2m??[22m invok
eTheCallbackFunction n
ode_modules/jsdom/lib/
jsdom/living/generated
/Function.js:[2m19:26
[22m[39m
[90m [2m??[22m runAn
imationFrameCallbacks 
node_modules/jsdom/lib
/jsdom/browser/Window.
js:[2m688:13[22m[39
m
[90m [2m??[22m Timeo
ut.<anonymous> node_mo
dules/jsdom/lib/jsdom/
browser/Window.js:[2m
666:11[22m[39m
[90m [2m??[22m listO
nTimeout node:internal
/timers:[2m605:17[22
m[39m
[90m [2m??[22m proce
ssTimers node:internal
/timers:[2m541:7[22m
[39m

[31mThis error origin
ated in "[1msrc/App.t
est.tsx[22m" test fil
e. It doesn't mean the
 error was thrown insi
de the file itself, bu
t while it was running
.[39m
[31mThe latest test t
hat might've caused th
e error is "[1mnaviga
tes to REC tab and sho
ws Car Game[22m". It 
might mean one of the 
following:
- The error was thrown
, while Vitest was run
ning this test.
- If the error occurre
d after the test had b
een completed, this wa
s the last documented 
test before it was thr
own.[39m

[31m??렞??렞??[39m[1m
[41m Uncaught Exceptio
n [49m[22m[31m??렞??
렞??[39m
[31m[1mTypeError[22
m: Cannot set properti
es of null (setting 'g
lobalCompositeOperatio
n')[39m
[90m [2m??[22m Objec
t.Render.world node_mo
dules/matter-js/build/
matter.js:[2m9091:42
[22m[39m
[90m [2m??[22m loop 
node_modules/matter-js
/build/matter.js:[2m8
854:20[22m[39m
[90m [2m??[22m invok
eTheCallbackFunction n
ode_modules/jsdom/lib/
jsdom/living/generated
/Function.js:[2m19:26
[22m[39m
[90m [2m??[22m runAn
imationFrameCallbacks 
node_modules/jsdom/lib
/jsdom/browser/Window.
js:[2m688:13[22m[39
m
[90m [2m??[22m Timeo
ut.<anonymous> node_mo
dules/jsdom/lib/jsdom/
browser/Window.js:[2m
666:11[22m[39m
[90m [2m??[22m listO
nTimeout node:internal
/timers:[2m605:17[22
m[39m
[90m [2m??[22m proce
ssTimers node:internal
/timers:[2m541:7[22m
[39m

[31mThis error origin
ated in "[1msrc/App.t
est.tsx[22m" test fil
e. It doesn't mean the
 error was thrown insi
de the file itself, bu
t while it was running
.[39m
[31mThe latest test t
hat might've caused th
e error is "[1mnaviga
tes to REC tab and sho
ws Car Game[22m". It 
might mean one of the 
following:
- The error was thrown
, while Vitest was run
ning this test.
- If the error occurre
d after the test had b
een completed, this wa
s the last documented 
test before it was thr
own.[39m

[31m??렞??렞??[39m[1m
[41m Uncaught Exceptio
n [49m[22m[31m??렞??
렞??[39m
[31m[1mTypeError[22
m: Cannot set properti
es of null (setting 'g
lobalCompositeOperatio
n')[39m
[90m [2m??[22m Objec
t.Render.world node_mo
dules/matter-js/build/
matter.js:[2m9091:42
[22m[39m
[90m [2m??[22m loop 
node_modules/matter-js
/build/matter.js:[2m8
854:20[22m[39m
[90m [2m??[22m invok
eTheCallbackFunction n
ode_modules/jsdom/lib/
jsdom/living/generated
/Function.js:[2m19:26
[22m[39m
[90m [2m??[22m runAn
imationFrameCallbacks 
node_modules/jsdom/lib
/jsdom/browser/Window.
js:[2m688:13[22m[39
m
[90m [2m??[22m Timeo
ut.<anonymous> node_mo
dules/jsdom/lib/jsdom/
browser/Window.js:[2m
666:11[22m[39m
[90m [2m??[22m listO
nTimeout node:internal
/timers:[2m605:17[22
m[39m
[90m [2m??[22m proce
ssTimers node:internal
/timers:[2m541:7[22m
[39m

[31mThis error origin
ated in "[1msrc/App.t
est.tsx[22m" test fil
e. It doesn't mean the
 error was thrown insi
de the file itself, bu
t while it was running
.[39m
[31mThe latest test t
hat might've caused th
e error is "[1mnaviga
tes to REC tab and sho
ws Car Game[22m". It 
might mean one of the 
following:
- The error was thrown
, while Vitest was run
ning this test.
- If the error occurre
d after the test had b
een completed, this wa
s the last documented 
test before it was thr
own.[39m

[31m??렞??렞??[39m[1m
[41m Uncaught Exceptio
n [49m[22m[31m??렞??
렞??[39m
[31m[1mTypeError[22
m: Cannot set properti
es of null (setting 'g
lobalCompositeOperatio
n')[39m
[90m [2m??[22m Objec
t.Render.world node_mo
dules/matter-js/build/
matter.js:[2m9091:42
[22m[39m
[90m [2m??[22m loop 
node_modules/matter-js
/build/matter.js:[2m8
854:20[22m[39m
[90m [2m??[22m invok
eTheCallbackFunction n
ode_modules/jsdom/lib/
jsdom/living/generated
/Function.js:[2m19:26
[22m[39m
[90m [2m??[22m runAn
imationFrameCallbacks 
node_modules/jsdom/lib
/jsdom/browser/Window.
js:[2m688:13[22m[39
m
[90m [2m??[22m Timeo
ut.<anonymous> node_mo
dules/jsdom/lib/jsdom/
browser/Window.js:[2m
666:11[22m[39m
[90m [2m??[22m listO
nTimeout node:internal
/timers:[2m605:17[22
m[39m
[90m [2m??[22m proce
ssTimers node:internal
/timers:[2m541:7[22m
[39m

[31mThis error origin
ated in "[1msrc/App.t
est.tsx[22m" test fil
e. It doesn't mean the
 error was thrown insi
de the file itself, bu
t while it was running
.[39m
[31mThe latest test t
hat might've caused th
e error is "[1mnaviga
tes to REC tab and sho
ws Car Game[22m". It 
might mean one of the 
following:
- The error was thrown
, while Vitest was run
ning this test.
- If the error occurre
d after the test had b
een completed, this wa
s the last documented 
test before it was thr
own.[39m

[31m??렞??렞??[39m[1m
[41m Uncaught Exceptio
n [49m[22m[31m??렞??
렞??[39m
[31m[1mTypeError[22
m: Cannot set properti
es of null (setting 'g
lobalCompositeOperatio
n')[39m
[90m [2m??[22m Objec
t.Render.world node_mo
dules/matter-js/build/
matter.js:[2m9091:42
[22m[39m
[90m [2m??[22m loop 
node_modules/matter-js
/build/matter.js:[2m8
854:20[22m[39m
[90m [2m??[22m invok
eTheCallbackFunction n
ode_modules/jsdom/lib/
jsdom/living/generated
/Function.js:[2m19:26
[22m[39m
[90m [2m??[22m runAn
imationFrameCallbacks 
node_modules/jsdom/lib
/jsdom/browser/Window.
js:[2m688:13[22m[39
m
[90m [2m??[22m Timeo
ut.<anonymous> node_mo
dules/jsdom/lib/jsdom/
browser/Window.js:[2m
666:11[22m[39m
[90m [2m??[22m listO
nTimeout node:internal
/timers:[2m605:17[22
m[39m
[90m [2m??[22m proce
ssTimers node:internal
/timers:[2m541:7[22m
[39m

[31mThis error origin
ated in "[1msrc/App.t
est.tsx[22m" test fil
e. It doesn't mean the
 error was thrown insi
de the file itself, bu
t while it was running
.[39m
[31mThe latest test t
hat might've caused th
e error is "[1mnaviga
tes to REC tab and sho
ws Car Game[22m". It 
might mean one of the 
following:
- The error was thrown
, while Vitest was run
ning this test.
- If the error occurre
d after the test had b
een completed, this wa
s the last documented 
test before it was thr
own.[39m

[31m??렞??렞??[39m[1m
[41m Uncaught Exceptio
n [49m[22m[31m??렞??
렞??[39m
[31m[1mTypeError[22
m: Cannot set properti
es of null (setting 'g
lobalCompositeOperatio
n')[39m
[90m [2m??[22m Objec
t.Render.world node_mo
dules/matter-js/build/
matter.js:[2m9091:42
[22m[39m
[90m [2m??[22m loop 
node_modules/matter-js
/build/matter.js:[2m8
854:20[22m[39m
[90m [2m??[22m invok
eTheCallbackFunction n
ode_modules/jsdom/lib/
jsdom/living/generated
/Function.js:[2m19:26
[22m[39m
[90m [2m??[22m runAn
imationFrameCallbacks 
node_modules/jsdom/lib
/jsdom/browser/Window.
js:[2m688:13[22m[39
m
[90m [2m??[22m Timeo
ut.<anonymous> node_mo
dules/jsdom/lib/jsdom/
browser/Window.js:[2m
666:11[22m[39m
[90m [2m??[22m listO
nTimeout node:internal
/timers:[2m605:17[22
m[39m
[90m [2m??[22m proce
ssTimers node:internal
/timers:[2m541:7[22m
[39m

[31mThis error origin
ated in "[1msrc/App.t
est.tsx[22m" test fil
e. It doesn't mean the
 error was thrown insi
de the file itself, bu
t while it was running
.[39m
[31mThe latest test t
hat might've caused th
e error is "[1mnaviga
tes to REC tab and sho
ws Car Game[22m". It 
might mean one of the 
following:
- The error was thrown
, while Vitest was run
ning this test.
- If the error occurre
d after the test had b
een completed, this wa
s the last documented 
test before it was thr
own.[39m

[31m??렞??렞??[39m[1m
[41m Uncaught Exceptio
n [49m[22m[31m??렞??
렞??[39m
[31m[1mTypeError[22
m: Cannot set properti
es of null (setting 'g
lobalCompositeOperatio
n')[39m
[90m [2m??[22m Objec
t.Render.world node_mo
dules/matter-js/build/
matter.js:[2m9091:42
[22m[39m
[90m [2m??[22m loop 
node_modules/matter-js
/build/matter.js:[2m8
854:20[22m[39m
[90m [2m??[22m invok
eTheCallbackFunction n
ode_modules/jsdom/lib/
jsdom/living/generated
/Function.js:[2m19:26
[22m[39m
[90m [2m??[22m runAn
imationFrameCallbacks 
node_modules/jsdom/lib
/jsdom/browser/Window.
js:[2m688:13[22m[39
m
[90m [2m??[22m Timeo
ut.<anonymous> node_mo
dules/jsdom/lib/jsdom/
browser/Window.js:[2m
666:11[22m[39m
[90m [2m??[22m listO
nTimeout node:internal
/timers:[2m605:17[22
m[39m
[90m [2m??[22m proce
ssTimers node:internal
/timers:[2m541:7[22m
[39m

[31mThis error origin
ated in "[1msrc/App.t
est.tsx[22m" test fil
e. It doesn't mean the
 error was thrown insi
de the file itself, bu
t while it was running
.[39m
[31mThe latest test t
hat might've caused th
e error is "[1mnaviga
tes to REC tab and sho
ws Car Game[22m". It 
might mean one of the 
following:
- The error was thrown
, while Vitest was run
ning this test.
- If the error occurre
d after the test had b
een completed, this wa
s the last documented 
test before it was thr
own.[39m

[31m??렞??렞??[39m[1m
[41m Uncaught Exceptio
n [49m[22m[31m??렞??
렞??[39m
[31m[1mTypeError[22
m: Cannot set properti
es of null (setting 'g
lobalCompositeOperatio
n')[39m
[90m [2m??[22m Objec
t.Render.world node_mo
dules/matter-js/build/
matter.js:[2m9091:42
[22m[39m
[90m [2m??[22m loop 
node_modules/matter-js
/build/matter.js:[2m8
854:20[22m[39m
[90m [2m??[22m invok
eTheCallbackFunction n
ode_modules/jsdom/lib/
jsdom/living/generated
/Function.js:[2m19:26
[22m[39m
[90m [2m??[22m runAn
imationFrameCallbacks 
node_modules/jsdom/lib
/jsdom/browser/Window.
js:[2m688:13[22m[39
m
[90m [2m??[22m Timeo
ut.<anonymous> node_mo
dules/jsdom/lib/jsdom/
browser/Window.js:[2m
666:11[22m[39m
[90m [2m??[22m listO
nTimeout node:internal
/timers:[2m605:17[22
m[39m
[90m [2m??[22m proce
ssTimers node:internal
/timers:[2m541:7[22m
[39m

[31mThis error origin
ated in "[1msrc/App.t
est.tsx[22m" test fil
e. It doesn't mean the
 error was thrown insi
de the file itself, bu
t while it was running
.[39m
[31mThe latest test t
hat might've caused th
e error is "[1mnaviga
tes to REC tab and sho
ws Car Game[22m". It 
might mean one of the 
following:
- The error was thrown
, while Vitest was run
ning this test.
- If the error occurre
d after the test had b
een completed, this wa
s the last documented 
test before it was thr
own.[39m

[31m??렞??렞??[39m[1m
[41m Uncaught Exceptio
n [49m[22m[31m??렞??
렞??[39m
[31m[1mTypeError[22
m: Cannot set properti
es of null (setting 'g
lobalCompositeOperatio
n')[39m
[90m [2m??[22m Objec
t.Render.world node_mo
dules/matter-js/build/
matter.js:[2m9091:42
[22m[39m
[90m [2m??[22m loop 
node_modules/matter-js
/build/matter.js:[2m8
854:20[22m[39m
[90m [2m??[22m invok
eTheCallbackFunction n
ode_modules/jsdom/lib/
jsdom/living/generated
/Function.js:[2m19:26
[22m[39m
[90m [2m??[22m runAn
imationFrameCallbacks 
node_modules/jsdom/lib
/jsdom/browser/Window.
js:[2m688:13[22m[39
m
[90m [2m??[22m Timeo
ut.<anonymous> node_mo
dules/jsdom/lib/jsdom/
browser/Window.js:[2m
666:11[22m[39m
[90m [2m??[22m listO
nTimeout node:internal
/timers:[2m605:17[22
m[39m
[90m [2m??[22m proce
ssTimers node:internal
/timers:[2m541:7[22m
[39m

[31mThis error origin
ated in "[1msrc/App.t
est.tsx[22m" test fil
e. It doesn't mean the
 error was thrown insi
de the file itself, bu
t while it was running
.[39m
[31mThe latest test t
hat might've caused th
e error is "[1mnaviga
tes to REC tab and sho
ws Car Game[22m". It 
might mean one of the 
following:
- The error was thrown
, while Vitest was run
ning this test.
- If the error occurre
d after the test had b
een completed, this wa
s the last documented 
test before it was thr
own.[39m

[31m??렞??렞??[39m[1m
[41m Uncaught Exceptio
n [49m[22m[31m??렞??
렞??[39m
[31m[1mTypeError[22
m: Cannot set properti
es of null (setting 'g
lobalCompositeOperatio
n')[39m
[90m [2m??[22m Objec
t.Render.world node_mo
dules/matter-js/build/
matter.js:[2m9091:42
[22m[39m
[90m [2m??[22m loop 
node_modules/matter-js
/build/matter.js:[2m8
854:20[22m[39m
[90m [2m??[22m invok
eTheCallbackFunction n
ode_modules/jsdom/lib/
jsdom/living/generated
/Function.js:[2m19:26
[22m[39m
[90m [2m??[22m runAn
imationFrameCallbacks 
node_modules/jsdom/lib
/jsdom/browser/Window.
js:[2m688:13[22m[39
m
[90m [2m??[22m Timeo
ut.<anonymous> node_mo
dules/jsdom/lib/jsdom/
browser/Window.js:[2m
666:11[22m[39m
[90m [2m??[22m listO
nTimeout node:internal
/timers:[2m605:17[22
m[39m
[90m [2m??[22m proce
ssTimers node:internal
/timers:[2m541:7[22m
[39m

[31mThis error origin
ated in "[1msrc/App.t
est.tsx[22m" test fil
e. It doesn't mean the
 error was thrown insi
de the file itself, bu
t while it was running
.[39m
[31mThe latest test t
hat might've caused th
e error is "[1mnaviga
tes to REC tab and sho
ws Car Game[22m". It 
might mean one of the 
following:
- The error was thrown
, while Vitest was run
ning this test.
- If the error occurre
d after the test had b
een completed, this wa
s the last documented 
test before it was thr
own.[39m

[31m??렞??렞??[39m[1m
[41m Uncaught Exceptio
n [49m[22m[31m??렞??
렞??[39m
[31m[1mTypeError[22
m: Cannot set properti
es of null (setting 'g
lobalCompositeOperatio
n')[39m
[90m [2m??[22m Objec
t.Render.world node_mo
dules/matter-js/build/
matter.js:[2m9091:42
[22m[39m
[90m [2m??[22m loop 
node_modules/matter-js
/build/matter.js:[2m8
854:20[22m[39m
[90m [2m??[22m invok
eTheCallbackFunction n
ode_modules/jsdom/lib/
jsdom/living/generated
/Function.js:[2m19:26
[22m[39m
[90m [2m??[22m runAn
imationFrameCallbacks 
node_modules/jsdom/lib
/jsdom/browser/Window.
js:[2m688:13[22m[39
m
[90m [2m??[22m Timeo
ut.<anonymous> node_mo
dules/jsdom/lib/jsdom/
browser/Window.js:[2m
666:11[22m[39m
[90m [2m??[22m listO
nTimeout node:internal
/timers:[2m605:17[22
m[39m
[90m [2m??[22m proce
ssTimers node:internal
/timers:[2m541:7[22m
[39m

[31mThis error origin
ated in "[1msrc/App.t
est.tsx[22m" test fil
e. It doesn't mean the
 error was thrown insi
de the file itself, bu
t while it was running
.[39m
[31mThe latest test t
hat might've caused th
e error is "[1mnaviga
tes to REC tab and sho
ws Car Game[22m". It 
might mean one of the 
following:
- The error was thrown
, while Vitest was run
ning this test.
- If the error occurre
d after the test had b
een completed, this wa
s the last documented 
test before it was thr
own.[39m

[31m??렞??렞??[39m[1m
[41m Uncaught Exceptio
n [49m[22m[31m??렞??
렞??[39m
[31m[1mTypeError[22
m: Cannot set properti
es of null (setting 'g
lobalCompositeOperatio
n')[39m
[90m [2m??[22m Objec
t.Render.world node_mo
dules/matter-js/build/
matter.js:[2m9091:42
[22m[39m
[90m [2m??[22m loop 
node_modules/matter-js
/build/matter.js:[2m8
854:20[22m[39m
[90m [2m??[22m invok
eTheCallbackFunction n
ode_modules/jsdom/lib/
jsdom/living/generated
/Function.js:[2m19:26
[22m[39m
[90m [2m??[22m runAn
imationFrameCallbacks 
node_modules/jsdom/lib
/jsdom/browser/Window.
js:[2m688:13[22m[39
m
[90m [2m??[22m Timeo
ut.<anonymous> node_mo
dules/jsdom/lib/jsdom/
browser/Window.js:[2m
666:11[22m[39m
[90m [2m??[22m listO
nTimeout node:internal
/timers:[2m605:17[22
m[39m
[90m [2m??[22m proce
ssTimers node:internal
/timers:[2m541:7[22m
[39m

[31mThis error origin
ated in "[1msrc/App.t
est.tsx[22m" test fil
e. It doesn't mean the
 error was thrown insi
de the file itself, bu
t while it was running
.[39m
[31mThe latest test t
hat might've caused th
e error is "[1mnaviga
tes to REC tab and sho
ws Car Game[22m". It 
might mean one of the 
following:
- The error was thrown
, while Vitest was run
ning this test.
- If the error occurre
d after the test had b
een completed, this wa
s the last documented 
test before it was thr
own.[39m

[31m??렞??렞??[39m[1m
[41m Uncaught Exceptio
n [49m[22m[31m??렞??
렞??[39m
[31m[1mTypeError[22
m: Cannot set properti
es of null (setting 'g
lobalCompositeOperatio
n')[39m
[90m [2m??[22m Objec
t.Render.world node_mo
dules/matter-js/build/
matter.js:[2m9091:42
[22m[39m
[90m [2m??[22m loop 
node_modules/matter-js
/build/matter.js:[2m8
854:20[22m[39m
[90m [2m??[22m invok
eTheCallbackFunction n
ode_modules/jsdom/lib/
jsdom/living/generated
/Function.js:[2m19:26
[22m[39m
[90m [2m??[22m runAn
imationFrameCallbacks 
node_modules/jsdom/lib
/jsdom/browser/Window.
js:[2m688:13[22m[39
m
[90m [2m??[22m Timeo
ut.<anonymous> node_mo
dules/jsdom/lib/jsdom/
browser/Window.js:[2m
666:11[22m[39m
[90m [2m??[22m listO
nTimeout node:internal
/timers:[2m605:17[22
m[39m
[90m [2m??[22m proce
ssTimers node:internal
/timers:[2m541:7[22m
[39m

[31mThis error origin
ated in "[1msrc/App.t
est.tsx[22m" test fil
e. It doesn't mean the
 error was thrown insi
de the file itself, bu
t while it was running
.[39m
[31mThe latest test t
hat might've caused th
e error is "[1mnaviga
tes to REC tab and sho
ws Car Game[22m". It 
might mean one of the 
following:
- The error was thrown
, while Vitest was run
ning this test.
- If the error occurre
d after the test had b
een completed, this wa
s the last documented 
test before it was thr
own.[39m

[31m??렞??렞??[39m[1m
[41m Uncaught Exceptio
n [49m[22m[31m??렞??
렞??[39m
[31m[1mTypeError[22
m: Cannot set properti
es of null (setting 'g
lobalCompositeOperatio
n')[39m
[90m [2m??[22m Objec
t.Render.world node_mo
dules/matter-js/build/
matter.js:[2m9091:42
[22m[39m
[90m [2m??[22m loop 
node_modules/matter-js
/build/matter.js:[2m8
854:20[22m[39m
[90m [2m??[22m invok
eTheCallbackFunction n
ode_modules/jsdom/lib/
jsdom/living/generated
/Function.js:[2m19:26
[22m[39m
[90m [2m??[22m runAn
imationFrameCallbacks 
node_modules/jsdom/lib
/jsdom/browser/Window.
js:[2m688:13[22m[39
m
[90m [2m??[22m Timeo
ut.<anonymous> node_mo
dules/jsdom/lib/jsdom/
browser/Window.js:[2m
666:11[22m[39m
[90m [2m??[22m listO
nTimeout node:internal
/timers:[2m605:17[22
m[39m
[90m [2m??[22m proce
ssTimers node:internal
/timers:[2m541:7[22m
[39m

[31mThis error origin
ated in "[1msrc/App.t
est.tsx[22m" test fil
e. It doesn't mean the
 error was thrown insi
de the file itself, bu
t while it was running
.[39m
[31mThe latest test t
hat might've caused th
e error is "[1msuppor
ts swipe navigation (R
ight to Left -> Next T
ab)[22m". It might me
an one of the followin
g:
- The error was thrown
, while Vitest was run
ning this test.
- If the error occurre
d after the test had b
een completed, this wa
s the last documented 
test before it was thr
own.[39m

[31m??렞??렞??[39m[1m
[41m Uncaught Exceptio
n [49m[22m[31m??렞??
렞??[39m
[31m[1mTypeError[22
m: Cannot set properti
es of null (setting 'g
lobalCompositeOperatio
n')[39m
[90m [2m??[22m Objec
t.Render.world node_mo
dules/matter-js/build/
matter.js:[2m9091:42
[22m[39m
[90m [2m??[22m loop 
node_modules/matter-js
/build/matter.js:[2m8
854:20[22m[39m
[90m [2m??[22m invok
eTheCallbackFunction n
ode_modules/jsdom/lib/
jsdom/living/generated
/Function.js:[2m19:26
[22m[39m
[90m [2m??[22m runAn
imationFrameCallbacks 
node_modules/jsdom/lib
/jsdom/browser/Window.
js:[2m688:13[22m[39
m
[90m [2m??[22m Timeo
ut.<anonymous> node_mo
dules/jsdom/lib/jsdom/
browser/Window.js:[2m
666:11[22m[39m
[90m [2m??[22m listO
nTimeout node:internal
/timers:[2m605:17[22
m[39m
[90m [2m??[22m proce
ssTimers node:internal
/timers:[2m541:7[22m
[39m

[2m Test Files [22m [1m[31m1 failed[39m[22m[90m (1)[39m
[2m      Tests [22m [1m[31m2 failed[39m[22m[2m | [22m[1m[32m4 passed[39m[22m[90m (6)[39m
[2m     Errors [22m [1m[31m36 errors[39m[22m
[2m   Start at [22m 11:04:45
[2m   Duration [22m 2.56s[2m (transform 161ms, setup 84ms, import 337ms, tests 1.37s, environment 607ms)[22m


[31mThis error origin
ated in "[1msrc/App.t
est.tsx[22m" test fil
e. It doesn't mean the
 error was thrown insi
de the file itself, bu
t while it was running
.[39m
[31mThe latest test t
hat might've caused th
e error is "[1msuppor
ts swipe navigation (L
eft to Right -> Prev T
ab)[22m". It might me
an one of the followin
g:
- The error was thrown
, while Vitest was run
ning this test.
- If the error occurre
d after the test had b
een completed, this wa
s the last documented 
test before it was thr
own.[39m
[31m??렞??렞??렞??렞??렞??
렞??렞??렞??렞??렞??렞??렞??렞
??렞??렞[39m

